// Jest Snapshot v1, https://goo.gl/fbAQLP

exports[`should NotFoundPage render corectly 1`] = `
<div>
  404!.....Go to 
  <Link
    replace={false}
    to="/"
  >
     Home Page
  </Link>
</div>
`;
